12:43:33,144 |-INFO in ch.qos.logback.classic.LoggerContext[default] - Could NOT find resource [logback-test.xml]
12:43:33,145 |-INFO in ch.qos.logback.classic.LoggerContext[default] - Found resource [logback.xml] at [jar:file:/D:/Develop/Workspace-trae/solo-workspace/_pairs/jia-021-rad-F6/jia-021-b/target/v2-0.0.1-SNAPSHOT.jar!/BOOT-INF/classes!/logback.xml]
12:43:33,160 |-INFO in ch.qos.logback.core.joran.spi.ConfigurationWatchList@7506e922 - URL [jar:file:/D:/Develop/Workspace-trae/solo-workspace/_pairs/jia-021-rad-F6/jia-021-b/target/v2-0.0.1-SNAPSHOT.jar!/BOOT-INF/classes!/logback.xml] is not of type file
12:43:33,217 |-INFO in ch.qos.logback.classic.joran.action.ConfigurationAction - debug attribute not set
12:43:33,220 |-INFO in ch.qos.logback.classic.joran.action.ConfigurationAction - Will scan for changes in [jar:file:/D:/Develop/Workspace-trae/solo-workspace/_pairs/jia-021-rad-F6/jia-021-b/target/v2-0.0.1-SNAPSHOT.jar!/BOOT-INF/classes!/logback.xml] 
12:43:33,220 |-INFO in ch.qos.logback.classic.joran.action.ConfigurationAction - Setting ReconfigureOnChangeTask scanning period to 1 minutes
12:43:33,226 |-INFO in ch.qos.logback.core.joran.action.AppenderAction - About to instantiate appender of type [ch.qos.logback.core.ConsoleAppender]
12:43:33,230 |-INFO in ch.qos.logback.core.joran.action.AppenderAction - Naming appender as [console]
12:43:33,289 |-WARN in ch.qos.logback.core.ConsoleAppender[console] - This appender no longer admits a layout as a sub-component, set an encoder instead.
12:43:33,289 |-WARN in ch.qos.logback.core.ConsoleAppender[console] - To ensure compatibility, wrapping your layout in LayoutWrappingEncoder.
12:43:33,289 |-WARN in ch.qos.logback.core.ConsoleAppender[console] - See also http://logback.qos.ch/codes.html#layoutInsteadOfEncoder for details
12:43:33,290 |-INFO in ch.qos.logback.core.joran.action.AppenderAction - About to instantiate appender of type [ch.qos.logback.core.rolling.RollingFileAppender]
12:43:33,293 |-INFO in ch.qos.logback.core.joran.action.AppenderAction - Naming appender as [appLogAppender]
12:43:33,317 |-INFO in c.q.l.core.rolling.TimeBasedRollingPolicy@1323468230 - No compression will be used
12:43:33,318 |-INFO in c.q.l.core.rolling.TimeBasedRollingPolicy@1323468230 - Will use the pattern /springbootv2-log/springbootv2-%d{yyyy-MM-dd}-%i.log for the active file
12:43:33,321 |-INFO in ch.qos.logback.core.rolling.SizeAndTimeBasedFNATP@621be5d1 - The date pattern is 'yyyy-MM-dd' from file name pattern '/springbootv2-log/springbootv2-%d{yyyy-MM-dd}-%i.log'.
12:43:33,322 |-INFO in ch.qos.logback.core.rolling.SizeAndTimeBasedFNATP@621be5d1 - Roll-over at midnight.
12:43:33,326 |-INFO in ch.qos.logback.core.rolling.SizeAndTimeBasedFNATP@621be5d1 - Setting initial period to Mon Sep 07 23:04:53 CST 2026
12:43:33,326 |-WARN in ch.qos.logback.core.rolling.SizeAndTimeBasedFNATP@621be5d1 - SizeAndTimeBasedFNATP is deprecated. Use SizeAndTimeBasedRollingPolicy instead
12:43:33,326 |-WARN in ch.qos.logback.core.rolling.SizeAndTimeBasedFNATP@621be5d1 - For more information see http://logback.qos.ch/manual/appenders.html#SizeAndTimeBasedRollingPolicy
12:43:33,329 |-WARN in ch.qos.logback.core.rolling.RollingFileAppender[appLogAppender] - This appender no longer admits a layout as a sub-component, set an encoder instead.
12:43:33,329 |-WARN in ch.qos.logback.core.rolling.RollingFileAppender[appLogAppender] - To ensure compatibility, wrapping your layout in LayoutWrappingEncoder.
12:43:33,329 |-WARN in ch.qos.logback.core.rolling.RollingFileAppender[appLogAppender] - See also http://logback.qos.ch/codes.html#layoutInsteadOfEncoder for details
12:43:33,334 |-INFO in ch.qos.logback.core.rolling.RollingFileAppender[appLogAppender] - Active log file name: /springbootv2-log/springbootv2.log
12:43:33,334 |-INFO in ch.qos.logback.core.rolling.RollingFileAppender[appLogAppender] - File property is set to [/springbootv2-log/springbootv2.log]
12:43:33,335 |-INFO in ch.qos.logback.classic.joran.action.LoggerAction - Setting level of logger [org.mybatis] to ERROR
12:43:33,335 |-INFO in ch.qos.logback.classic.joran.action.LoggerAction - Setting level of logger [java.sql.Connection] to DEBUG
12:43:33,335 |-INFO in ch.qos.logback.classic.joran.action.LoggerAction - Setting level of logger [java.sql.Statement] to DEBUG
12:43:33,335 |-INFO in ch.qos.logback.classic.joran.action.LoggerAction - Setting level of logger [java.sql.PreparedStatement] to DEBUG
12:43:33,335 |-INFO in ch.qos.logback.classic.joran.action.LoggerAction - Setting level of logger [com.fc] to DEBUG
12:43:33,339 |-ERROR in ch.qos.logback.core.joran.spi.Interpreter@113:28 - no applicable action for [springProfile], current ElementPath  is [[configuration][springProfile]]
12:43:33,340 |-ERROR in ch.qos.logback.core.joran.spi.Interpreter@114:25 - no applicable action for [root], current ElementPath  is [[configuration][springProfile][root]]
12:43:33,340 |-ERROR in ch.qos.logback.core.joran.spi.Interpreter@116:34 - no applicable action for [appender-ref], current ElementPath  is [[configuration][springProfile][root][appender-ref]]
12:43:33,340 |-ERROR in ch.qos.logback.core.joran.spi.Interpreter@121:32 - no applicable action for [springProfile], current ElementPath  is [[configuration][springProfile]]
12:43:33,340 |-ERROR in ch.qos.logback.core.joran.spi.Interpreter@122:25 - no applicable action for [root], current ElementPath  is [[configuration][springProfile][root]]
12:43:33,340 |-ERROR in ch.qos.logback.core.joran.spi.Interpreter@123:46 - no applicable action for [appender-ref], current ElementPath  is [[configuration][springProfile][root][appender-ref]]
12:43:33,340 |-INFO in ch.qos.logback.classic.joran.action.ConfigurationAction - End of configuration.
12:43:33,341 |-INFO in ch.qos.logback.classic.joran.JoranConfigurator@573fd745 - Registering current configuration as safe fallback point

2026-09-18 12:43:34.260 -> [main] -> INFO  com.fc.V2Application - Starting V2Application v0.0.1-SNAPSHOT using Java 1.8.0_101 on DESKTOP-L30RM6E with PID 9600 (D:\Develop\Workspace-trae\solo-workspace\_pairs\jia-021-rad-F6\jia-021-b\target\v2-0.0.1-SNAPSHOT.jar started by Administrator in D:\Develop\Workspace-trae\solo-skill)
2026-09-18 12:43:34.263 -> [main] -> DEBUG com.fc.V2Application - Running with Spring Boot v2.7.5, Spring v5.3.23
2026-09-18 12:43:34.264 -> [main] -> INFO  com.fc.V2Application - The following 1 profile is active: "dev"
2026-09-18 12:43:35.404 -> [main] -> INFO  o.s.d.r.config.RepositoryConfigurationDelegate - Multiple Spring Data modules found, entering strict repository configuration mode
2026-09-18 12:43:35.406 -> [main] -> INFO  o.s.d.r.config.RepositoryConfigurationDelegate - Bootstrapping Spring Data Redis repositories in DEFAULT mode.
2026-09-18 12:43:35.443 -> [main] -> INFO  o.s.d.r.config.RepositoryConfigurationDelegate - Finished Spring Data repository scanning in 26 ms. Found 0 Redis repository interfaces.
2026-09-18 12:43:36.202 -> [main] -> INFO  o.s.c.s.PostProcessorRegistrationDelegate$BeanPostProcessorChecker - Bean 'shiroConfig' of type [com.fc.v2.shiro.config.ShiroConfig$$EnhancerBySpringCGLIB$$7a224469] is not eligible for getting processed by all BeanPostProcessors (for example: not eligible for auto-proxying)
2026-09-18 12:43:36.232 -> [main] -> INFO  o.s.c.s.PostProcessorRegistrationDelegate$BeanPostProcessorChecker - Bean 'hashedCredentialsMatcher' of type [org.apache.shiro.authc.credential.HashedCredentialsMatcher] is not eligible for getting processed by all BeanPostProcessors (for example: not eligible for auto-proxying)
2026-09-18 12:43:36.278 -> [main] -> INFO  o.s.c.s.PostProcessorRegistrationDelegate$BeanPostProcessorChecker - Bean 'mybatisPlusConfig' of type [com.fc.v2.common.conf.MybatisPlusConfig$$EnhancerBySpringCGLIB$$5d15dad1] is not eligible for getting processed by all BeanPostProcessors (for example: not eligible for auto-proxying)
2026-09-18 12:43:36.356 -> [main] -> INFO  o.s.c.s.PostProcessorRegistrationDelegate$BeanPostProcessorChecker - Bean 'spring.datasource-org.springframework.boot.autoconfigure.jdbc.DataSourceProperties' of type [org.springframework.boot.autoconfigure.jdbc.DataSourceProperties] is not eligible for getting processed by all BeanPostProcessors (for example: not eligible for auto-proxying)
2026-09-18 12:43:36.364 -> [main] -> INFO  o.s.c.s.PostProcessorRegistrationDelegate$BeanPostProcessorChecker - Bean 'com.alibaba.druid.spring.boot.autoconfigure.stat.DruidFilterConfiguration' of type [com.alibaba.druid.spring.boot.autoconfigure.stat.DruidFilterConfiguration] is not eligible for getting processed by all BeanPostProcessors (for example: not eligible for auto-proxying)
2026-09-18 12:43:36.397 -> [main] -> INFO  o.s.c.s.PostProcessorRegistrationDelegate$BeanPostProcessorChecker - Bean 'statFilter' of type [com.alibaba.druid.filter.stat.StatFilter] is not eligible for getting processed by all BeanPostProcessors (for example: not eligible for auto-proxying)
2026-09-18 12:43:36.503 -> [main] -> INFO  o.s.c.s.PostProcessorRegistrationDelegate$BeanPostProcessorChecker - Bean 'masterDataSource' of type [com.alibaba.druid.spring.boot.autoconfigure.DruidDataSourceWrapper] is not eligible for getting processed by all BeanPostProcessors (for example: not eligible for auto-proxying)
2026-09-18 12:43:36.537 -> [main] -> INFO  o.s.c.s.PostProcessorRegistrationDelegate$BeanPostProcessorChecker - Bean 'dynamicDataSource' of type [com.fc.v2.common.dataSources.DynamicDataSource] is not eligible for getting processed by all BeanPostProcessors (for example: not eligible for auto-proxying)
Logging initialized using 'class org.apache.ibatis.logging.stdout.StdOutImpl' adapter.
2026-09-18 12:43:36.630 -> [main] -> INFO  o.s.c.s.PostProcessorRegistrationDelegate$BeanPostProcessorChecker - Bean 'mybatisConfiguration' of type [com.baomidou.mybatisplus.core.MybatisConfiguration] is not eligible for getting processed by all BeanPostProcessors (for example: not eligible for auto-proxying)
2026-09-18 12:43:36.655 -> [main] -> INFO  o.s.c.s.PostProcessorRegistrationDelegate$BeanPostProcessorChecker - Bean 'globalConfig' of type [com.baomidou.mybatisplus.core.config.GlobalConfig] is not eligible for getting processed by all BeanPostProcessors (for example: not eligible for auto-proxying)
Parsed mapper file: 'class path resource [mybatis/auto/TSysAreaMapper.xml]'
Parsed mapper file: 'class path resource [mybatis/auto/TSysCityMapper.xml]'
Parsed mapper file: 'class path resource [mybatis/auto/TSysDepartmentMapper.xml]'
Parsed mapper file: 'class path resource [mybatis/auto/TSysDictDataMapper.xml]'
Parsed mapper file: 'class path resource [mybatis/auto/TSysDictTypeMapper.xml]'
Parsed mapper file: 'class path resource [mybatis/auto/TSysEmailMapper.xml]'
Parsed mapper file: 'class path resource [mybatis/auto/TSysFileMapper.xml]'
Parsed mapper file: 'class path resource [mybatis/auto/TSysInterUrlMapper.xml]'
Parsed mapper file: 'class path resource [mybatis/auto/TSysNoticeMapper.xml]'
Parsed mapper file: 'class path resource [mybatis/auto/TSysNoticeUserMapper.xml]'
Parsed mapper file: 'class path resource [mybatis/auto/TsysOperLogMapper.xml]'
Parsed mapper file: 'class path resource [mybatis/auto/TSysPermissionMapper.xml]'
Parsed mapper file: 'class path resource [mybatis/auto/TsysPermissionRoleMapper.xml]'
Parsed mapper file: 'class path resource [mybatis/auto/TSysPositionMapper.xml]'
Parsed mapper file: 'class path resource [mybatis/auto/TSysProvinceMapper.xml]'
Parsed mapper file: 'class path resource [mybatis/auto/TSysQuartzJobLogMapper.xml]'
Parsed mapper file: 'class path resource [mybatis/auto/TSysQuartzJobMapper.xml]'
Parsed mapper file: 'class path resource [mybatis/auto/TsysRoleMapper.xml]'
Parsed mapper file: 'class path resource [mybatis/auto/TSysRoleUserMapper.xml]'
Parsed mapper file: 'class path resource [mybatis/auto/TSysStreetMapper.xml]'
Parsed mapper file: 'class path resource [mybatis/auto/TsysUserMapper.xml]'
Can not find table primary key in Class: "com.fc.v2.model.custom.TsysTables".
Parsed mapper file: 'class path resource [mybatis/custom/GeneratorMapper.xml]'
Parsed mapper file: 'class path resource [mybatis/custom/SysUtilMapper.xml]'
2026-09-18 12:43:38.357 -> [main] -> INFO  o.s.c.s.PostProcessorRegistrationDelegate$BeanPostProcessorChecker - Bean 'sqlSessionFactory' of type [org.apache.ibatis.session.defaults.DefaultSqlSessionFactory] is not eligible for getting processed by all BeanPostProcessors (for example: not eligible for auto-proxying)
Logging initialized using 'class org.apache.ibatis.logging.stdout.StdOutImpl' adapter.
2026-09-18 12:43:38.379 -> [main] -> INFO  o.s.c.s.PostProcessorRegistrationDelegate$BeanPostProcessorChecker - Bean 'mybatis-plus-com.baomidou.mybatisplus.autoconfigure.MybatisPlusProperties' of type [com.baomidou.mybatisplus.autoconfigure.MybatisPlusProperties] is not eligible for getting processed by all BeanPostProcessors (for example: not eligible for auto-proxying)
2026-09-18 12:43:38.397 -> [main] -> INFO  o.s.c.s.PostProcessorRegistrationDelegate$BeanPostProcessorChecker - Bean 'com.baomidou.mybatisplus.autoconfigure.MybatisPlusAutoConfiguration' of type [com.baomidou.mybatisplus.autoconfigure.MybatisPlusAutoConfiguration$$EnhancerBySpringCGLIB$$bf6b0eec] is not eligible for getting processed by all BeanPostProcessors (for example: not eligible for auto-proxying)
2026-09-18 12:43:38.414 -> [main] -> INFO  o.s.c.s.PostProcessorRegistrationDelegate$BeanPostProcessorChecker - Bean 'sqlSessionTemplate' of type [org.mybatis.spring.SqlSessionTemplate] is not eligible for getting processed by all BeanPostProcessors (for example: not eligible for auto-proxying)
2026-09-18 12:43:38.418 -> [main] -> INFO  o.s.c.s.PostProcessorRegistrationDelegate$BeanPostProcessorChecker - Bean 'TSysUserMapper' of type [org.mybatis.spring.mapper.MapperFactoryBean] is not eligible for getting processed by all BeanPostProcessors (for example: not eligible for auto-proxying)
2026-09-18 12:43:38.424 -> [main] -> INFO  o.s.c.s.PostProcessorRegistrationDelegate$BeanPostProcessorChecker - Bean 'TSysUserMapper' of type [com.sun.proxy.$Proxy93] is not eligible for getting processed by all BeanPostProcessors (for example: not eligible for auto-proxying)
2026-09-18 12:43:38.436 -> [main] -> INFO  o.s.c.s.PostProcessorRegistrationDelegate$BeanPostProcessorChecker - Bean 'TSysRoleUserMapper' of type [org.mybatis.spring.mapper.MapperFactoryBean] is not eligible for getting processed by all BeanPostProcessors (for example: not eligible for auto-proxying)
2026-09-18 12:43:38.440 -> [main] -> INFO  o.s.c.s.PostProcessorRegistrationDelegate$BeanPostProcessorChecker - Bean 'TSysRoleUserMapper' of type [com.sun.proxy.$Proxy94] is not eligible for getting processed by all BeanPostProcessors (for example: not eligible for auto-proxying)
2026-09-18 12:43:38.445 -> [main] -> INFO  o.s.c.s.PostProcessorRegistrationDelegate$BeanPostProcessorChecker - Bean 'TSysRoleUserServiceImpl' of type [com.fc.v2.service.impl.TSysRoleUserServiceImpl] is not eligible for getting processed by all BeanPostProcessors (for example: not eligible for auto-proxying)
2026-09-18 12:43:38.511 -> [main] -> INFO  o.s.c.s.PostProcessorRegistrationDelegate$BeanPostProcessorChecker - Bean 'TSysRoleMapper' of type [org.mybatis.spring.mapper.MapperFactoryBean] is not eligible for getting processed by all BeanPostProcessors (for example: not eligible for auto-proxying)
2026-09-18 12:43:38.514 -> [main] -> INFO  o.s.c.s.PostProcessorRegistrationDelegate$BeanPostProcessorChecker - Bean 'TSysRoleMapper' of type [com.sun.proxy.$Proxy96] is not eligible for getting processed by all BeanPostProcessors (for example: not eligible for auto-proxying)
2026-09-18 12:43:38.524 -> [main] -> INFO  o.s.c.s.PostProcessorRegistrationDelegate$BeanPostProcessorChecker - Bean 'TSysPermissionRoleMapper' of type [org.mybatis.spring.mapper.MapperFactoryBean] is not eligible for getting processed by all BeanPostProcessors (for example: not eligible for auto-proxying)
2026-09-18 12:43:38.525 -> [main] -> INFO  o.s.c.s.PostProcessorRegistrationDelegate$BeanPostProcessorChecker - Bean 'TSysPermissionRoleMapper' of type [com.sun.proxy.$Proxy97] is not eligible for getting processed by all BeanPostProcessors (for example: not eligible for auto-proxying)
2026-09-18 12:43:38.528 -> [main] -> INFO  o.s.c.s.PostProcessorRegistrationDelegate$BeanPostProcessorChecker - Bean 'TSysPermissionRoleServiceImpl' of type [com.fc.v2.service.impl.TSysPermissionRoleServiceImpl] is not eligible for getting processed by all BeanPostProcessors (for example: not eligible for auto-proxying)
2026-09-18 12:43:38.546 -> [main] -> INFO  o.s.c.s.PostProcessorRegistrationDelegate$BeanPostProcessorChecker - Bean 'TSysRoleServiceImpl' of type [com.fc.v2.service.impl.TSysRoleServiceImpl] is not eligible for getting processed by all BeanPostProcessors (for example: not eligible for auto-proxying)
2026-09-18 12:43:38.566 -> [main] -> INFO  o.s.c.s.PostProcessorRegistrationDelegate$BeanPostProcessorChecker - Bean 'TSysUserServiceImpl' of type [com.fc.v2.service.impl.TSysUserServiceImpl] is not eligible for getting processed by all BeanPostProcessors (for example: not eligible for auto-proxying)
2026-09-18 12:43:38.591 -> [main] -> INFO  o.s.c.s.PostProcessorRegistrationDelegate$BeanPostProcessorChecker - Bean 'TSysPermissionMapper' of type [org.mybatis.spring.mapper.MapperFactoryBean] is not eligible for getting processed by all BeanPostProcessors (for example: not eligible for auto-proxying)
2026-09-18 12:43:38.593 -> [main] -> INFO  o.s.c.s.PostProcessorRegistrationDelegate$BeanPostProcessorChecker - Bean 'TSysPermissionMapper' of type [com.sun.proxy.$Proxy101] is not eligible for getting processed by all BeanPostProcessors (for example: not eligible for auto-proxying)
2026-09-18 12:43:38.597 -> [main] -> INFO  o.s.c.s.PostProcessorRegistrationDelegate$BeanPostProcessorChecker - Bean 'TSysPermissionServiceImpl' of type [com.fc.v2.service.impl.TSysPermissionServiceImpl] is not eligible for getting processed by all BeanPostProcessors (for example: not eligible for auto-proxying)
2026-09-18 12:43:38.622 -> [main] -> INFO  o.s.c.s.PostProcessorRegistrationDelegate$BeanPostProcessorChecker - Bean 'shiroRealm' of type [com.fc.v2.shiro.service.MyShiroRealm] is not eligible for getting processed by all BeanPostProcessors (for example: not eligible for auto-proxying)
2026-09-18 12:43:38.631 -> [main] -> INFO  o.s.c.s.PostProcessorRegistrationDelegate$BeanPostProcessorChecker - Bean 'cacheManager' of type [org.apache.shiro.cache.MemoryConstrainedCacheManager] is not eligible for getting processed by all BeanPostProcessors (for example: not eligible for auto-proxying)
2026-09-18 12:43:39.320 -> [main] -> INFO  o.s.c.s.PostProcessorRegistrationDelegate$BeanPostProcessorChecker - Bean 'rememberMeManager' of type [org.apache.shiro.web.mgt.CookieRememberMeManager] is not eligible for getting processed by all BeanPostProcessors (for example: not eligible for auto-proxying)
2026-09-18 12:43:39.413 -> [main] -> INFO  o.s.c.s.PostProcessorRegistrationDelegate$BeanPostProcessorChecker - Bean 'sessionManager' of type [com.fc.v2.shiro.service.ShiroSession] is not eligible for getting processed by all BeanPostProcessors (for example: not eligible for auto-proxying)
2026-09-18 12:43:39.420 -> [main] -> INFO  o.s.c.s.PostProcessorRegistrationDelegate$BeanPostProcessorChecker - Bean 'securityManager' of type [org.apache.shiro.web.mgt.DefaultWebSecurityManager] is not eligible for getting processed by all BeanPostProcessors (for example: not eligible for auto-proxying)
2026-09-18 12:43:39.525 -> [main] -> INFO  o.s.c.s.PostProcessorRegistrationDelegate$BeanPostProcessorChecker - Bean 'getAuthorizationAttributeSourceAdvisor' of type [org.apache.shiro.spring.security.interceptor.AuthorizationAttributeSourceAdvisor] is not eligible for getting processed by all BeanPostProcessors (for example: not eligible for auto-proxying)
2026-09-18 12:43:39.527 -> [main] -> INFO  o.s.c.s.PostProcessorRegistrationDelegate$BeanPostProcessorChecker - Bean 'removeDruidAdConfig' of type [com.fc.v2.common.druid.RemoveDruidAdConfig$$EnhancerBySpringCGLIB$$705c4279] is not eligible for getting processed by all BeanPostProcessors (for example: not eligible for auto-proxying)
2026-09-18 12:43:39.555 -> [main] -> INFO  o.s.c.s.PostProcessorRegistrationDelegate$BeanPostProcessorChecker - Bean 'druidStatInterceptor' of type [com.alibaba.druid.support.spring.stat.DruidStatInterceptor] is not eligible for getting processed by all BeanPostProcessors (for example: not eligible for auto-proxying)
2026-09-18 12:43:39.562 -> [main] -> INFO  o.s.c.s.PostProcessorRegistrationDelegate$BeanPostProcessorChecker - Bean 'druidStatPointcut' of type [org.springframework.aop.support.JdkRegexpMethodPointcut] is not eligible for getting processed by all BeanPostProcessors (for example: not eligible for auto-proxying)
2026-09-18 12:43:39.564 -> [main] -> INFO  o.s.c.s.PostProcessorRegistrationDelegate$BeanPostProcessorChecker - Bean 'druidStatAdvisor' of type [org.springframework.aop.support.DefaultPointcutAdvisor] is not eligible for getting processed by all BeanPostProcessors (for example: not eligible for auto-proxying)
2026-09-18 12:43:40.124 -> [main] -> WARN  io.undertow.websockets.jsr - UT026010: Buffer pool was not set on WebSocketDeploymentInfo, the default pool will be used
2026-09-18 12:43:40.159 -> [main] -> INFO  io.undertow.servlet - Initializing Spring embedded WebApplicationContext
2026-09-18 12:43:40.160 -> [main] -> INFO  o.s.b.w.s.c.ServletWebServerApplicationContext - Root WebApplicationContext: initialization completed in 5837 ms
2026-09-18 12:43:40.250 -> [main] -> INFO  o.s.boot.web.servlet.RegistrationBean - Filter webStatFilter was not registered (possibly already registered?)
xxxxxxxxxxxxxxxxxx
2026-09-18 12:43:41.308 -> [main] -> INFO  org.quartz.impl.StdSchedulerFactory - Using default implementation for ThreadExecutor
2026-09-18 12:43:41.311 -> [main] -> INFO  org.quartz.simpl.SimpleThreadPool - Job execution threads will use class loader of thread: main
2026-09-18 12:43:41.323 -> [main] -> INFO  org.quartz.core.SchedulerSignalerImpl - Initialized Scheduler Signaller of type: class org.quartz.core.SchedulerSignalerImpl
2026-09-18 12:43:41.323 -> [main] -> INFO  org.quartz.core.QuartzScheduler - Quartz Scheduler v.2.3.2 created.
2026-09-18 12:43:41.324 -> [main] -> INFO  org.quartz.simpl.RAMJobStore - RAMJobStore initialized.
2026-09-18 12:43:41.324 -> [main] -> INFO  org.quartz.core.QuartzScheduler - Scheduler meta-data: Quartz Scheduler (v2.3.2) 'DefaultQuartzScheduler' with instanceId 'NON_CLUSTERED'
  Scheduler class: 'org.quartz.core.QuartzScheduler' - running locally.
  NOT STARTED.
  Currently in standby mode.
  Number of jobs executed: 0
  Using thread pool 'org.quartz.simpl.SimpleThreadPool' - with 10 threads.
  Using job-store 'org.quartz.simpl.RAMJobStore' - which does not support persistence. and is not clustered.

2026-09-18 12:43:41.324 -> [main] -> INFO  org.quartz.impl.StdSchedulerFactory - Quartz scheduler 'DefaultQuartzScheduler' initialized from default resource file in Quartz package: 'quartz.properties'
2026-09-18 12:43:41.325 -> [main] -> INFO  org.quartz.impl.StdSchedulerFactory - Quartz scheduler version: 2.3.2
Creating a new SqlSession
SqlSession [org.apache.ibatis.session.defaults.DefaultSqlSession@1817f1eb] was not registered for synchronization because synchronization is not active
2026-09-18 12:43:41.458 -> [main] -> INFO  com.alibaba.druid.pool.DruidDataSource - {dataSource-1} inited
JDBC Connection [com.alibaba.druid.proxy.jdbc.ConnectionProxyImpl@6b3e12b5] will not be managed by Spring
==>  Preparing: SELECT id,job_name,job_group,invoke_target,cron_expression,misfire_policy,concurrent,status,create_by,create_time,update_by,update_time,remark FROM t_sys_quartz_job
==> Parameters: 
<==    Columns: id, job_name, job_group, invoke_target, cron_expression, misfire_policy, concurrent, status, create_by, create_time, update_by, update_time, remark
<==        Row: 332182389491109888, v2Task2, SYSTEM, v2Task.runTask2(1,2l,'asa',true,2D), */5 * * * * ?, 2, 0, 1, null, null, null, null, null
<==      Total: 1
Closing non transactional SqlSession [org.apache.ibatis.session.defaults.DefaultSqlSession@1817f1eb]
2026-09-18 12:43:41.752 -> [main] -> INFO  org.quartz.core.QuartzScheduler - Scheduler DefaultQuartzScheduler_$_NON_CLUSTERED started.
Creating a new SqlSession
SqlSession [org.apache.ibatis.session.defaults.DefaultSqlSession@62fe6067] was not registered for synchronization because synchronization is not active
JDBC Connection [com.alibaba.druid.proxy.jdbc.ConnectionProxyImpl@6b3e12b5] will not be managed by Spring
==>  Preparing: SELECT id,inter_name,url,type,create_by,create_time,update_by,update_time,remark FROM t_sys_inter_url
==> Parameters: 
<==    Columns: id, inter_name, url, type, create_by, create_time, update_by, update_time, remark
<==        Row: 411495038321823744, 字典表新增, /DictDataController/add, 2, null, null, null, null, null
<==        Row: 506433268967673856, 字典表修改, /DictDataController/edit, 2, null, null, null, null, null
<==        Row: 506434978159136768, 字典表删除, /DictDataController/remove, 3, null, null, null, null, null
<==        Row: 506435565655298048, 字典表状态修改, /DictDataController/updateDefault, 4, null, null, null, null, null
<==        Row: 506435921147727872, 字典表状态修改2, /DictDataController/updateEnable, 4, null, null, null, null, null
<==        Row: 506436031403397120, 字典表类型新增, /DictTypeController/add, 2, null, null, null, null, null
<==        Row: 506436148680331264, 字典表类型修改, /DictTypeController/edit, 2, null, null, null, null, null
<==        Row: 506436165776314368, 字典表类型删除, /DictTypeController/remove, 3, null, null, null, null, null
<==        Row: 506436180578013184, 字典表类型状态修改, /DictTypeController/updateEnable, 4, null, null, null, null, null
<==        Row: 506436662134444032, 邮件新增, /EmailController/add, 2, null, null, null, null, null
<==        Row: 506436757722632192, 邮件删除, /EmailController/remove, 3, null, null, null, null, null
<==        Row: 506437010966319104, 日志删除, /LogController/remove, 3, null, null, null, null, null
<==        Row: 506437420099702784, oss新增, /oss/bucket/, 2, null, null, null, null, null
<==        Row: 506437439112482816, oss删除, /oss/bucket/, 3, null, null, null, null, null
<==        Row: 506437964436475904, 权限新增, /PermissionController/add, 2, null, null, null, null, null
<==        Row: 506438040823140352, 权限保存, /PermissionController/edit, 2, null, null, null, null, null
<==        Row: 506438121399914496, 权限删除, /PermissionController/remove, 3, null, null, null, null, null
<==        Row: 506438208599494656, 权限授权, /PermissionController/saveRolePower, 4, null, null, null, null, null
<==        Row: 506438306276446208, 权限状态修改, /PermissionController/updateVisible, 4, null, null, null, null, null
<==        Row: 506438447226032128, 定时器新增, /SysQuartzJobController/add, 2, null, null, null, null, null
<==        Row: 506438589874311168,  任务调度状态修改, /SysQuartzJobController/changeStatus, 4, null, null, null, null, null
<==        Row: 506438725388079104, 定时器保存, /SysQuartzJobController/edit, 2, null, null, null, null, null
<==        Row: 506438870959788032, 定时器修改, /SysQuartzJobController/remove, 3, null, null, null, null, null
<==        Row: 506439003516571648, 定时任务日志删除, /SysQuartzJobLogController/remove, 3, null, null, null, null, null
<==        Row: 506439171481669632, 角色新增, /RoleController/add, 2, null, null, null, null, null
<==        Row: 506439186778296320, 角色修改, /RoleController/edit, 4, null, null, null, null, null
<==        Row: 506439297122045952, 角色删除, /RoleController/remove, 3, null, null, null, null, null
<==        Row: 506439669773373440, 地区新增, /SysAreaController/add, 2, null, null, null, null, null
<==        Row: 506439687859212288, 地区修改, /SysAreaController/edit, 2, null, null, null, null, null
<==        Row: 506439835490324480, 地区删除, /SysAreaController/remove, 3, null, null, null, null, null
<==        Row: 506440103976112128, City新增, /SysCityController/add, 2, null, null, null, null, null
<==        Row: 506440145147400192, City修改,  /SysCityController/edit, 2, null, null, null, null, null
<==        Row: 506440217188765696, City删除, /SysCityController/remove, 3, null, null, null, null, null
<==        Row: 506440386873528320, 部门新增, /SysDepartmentController/add, 2, null, null, null, null, null
<==        Row: 506440448223612928, 部门修改, /SysDepartmentController/edit, 4, null, null, null, null, null
<==        Row: 506440515110178816, 部门删除, /SysDepartmentController/remove, 3, null, null, null, null, null
<==        Row: 506440574635741184, 部门状态, /SysDepartmentController/updateVisible, 4, null, null, null, null, null
<==        Row: 506440668508459008, 拦截器url新增, /SysInterUrlController/add, 2, null, null, null, null, null
<==        Row: 506440708056551424, 拦截器url修改, /SysInterUrlController/edit, 2, null, null, null, null, null
<==        Row: 506440802856210432, 拦截器url删除, /SysInterUrlController/remove, 3, null, null, null, null, null
<==        Row: 506441001783660544, 公告新增, /SysNoticeController/add, 2, null, null, null, null, null
<==        Row: 506441051263864832, 公告修改, /SysNoticeController/edit, 2, null, null, null, null, null
<==        Row: 506441105743679488, 公告删除, /SysNoticeController/remove, 3, null, null, null, null, null
<==        Row: 506441242591236096, 职位新增, /SysPositionController/add, 2, null, null, null, null, null
<==        Row: 506441287038275584, 职位修改, /SysPositionController/edit, 2, null, null, null, null, null
<==        Row: 506441350200299520, 职位删除, /SysPositionController/remove, 3, null, null, null, null, null
<==        Row: 506441420677189632, 职位状态修改, /SysPositionController/updateVisible, 4, null, null, null, null, null
<==        Row: 506441780003213312, 省份新增, /SysProvinceController/add, 2, null, null, null, null, null
<==        Row: 506441807383629824, 省份修改, /SysProvinceController/edit, 2, null, null, null, null, null
<==        Row: 506441871850082304, 省份删除, /SysProvinceController/remove, 3, null, null, null, null, null
<==        Row: 506441980012793856, 街道新增, /SysStreetController/add, 2, null, null, null, null, null
<==        Row: 506442015706320896, 街道修改, /SysStreetController/edit, 2, null, null, null, null, null
<==        Row: 506442092445306880, 街道删除, /SysStreetController/remove, 3, null, null, null, null, null
<==        Row: 506442186552905728, 用户新增, /UserController/add, 2, null, null, null, null, null
<==        Row: 506442212696002560, 用户修改, /UserController/edit, 2, null, null, null, null, null
<==        Row: 506442271252680704, 用户修改密码, /UserController/editPwd, 2, null, null, null, null, null
<==        Row: 506442344443285504, 用户删除, /UserController/remove, 3, null, null, null, null, null
<==        Row: 506444610625736704, 拦截器url复制, /SysInterUrlController/copy/, 3, null, null, null, null, null
<==      Total: 58
Closing non transactional SqlSession [org.apache.ibatis.session.defaults.DefaultSqlSession@62fe6067]
2026-09-18 12:43:42.993 -> [main] -> INFO  s.d.s.w.WebMvcPropertySourcedRequestMappingHandlerMapping - Mapped URL path [/v2/api-docs] onto method [springfox.documentation.swagger2.web.Swagger2ControllerWebMvc#getDocumentation(String, HttpServletRequest)]


,------.                           ,--.  ,--.         ,--.                         
|  .--. '  ,--,--.  ,---.   ,---.  |  '--'  |  ,---.  |  |  ,---.   ,---.  ,--.--. 
|  '--' | ' ,-.  | | .-. | | .-. : |  .--.  | | .-. : |  | | .-. | | .-. : |  .--' 
|  | --'  \ '-'  | ' '-' ' \   --. |  |  |  | \   --. |  | | '-' ' \   --. |  |    
`--'       `--`--' .`-  /   `----' `--'  `--'  `----' `--' |  |-'   `----' `--'    
                   `---'                                   `--'                        is intercepting.

2026-09-18 12:43:43.824 -> [main] -> INFO  org.quartz.impl.StdSchedulerFactory - Using default implementation for ThreadExecutor
2026-09-18 12:43:43.827 -> [main] -> INFO  org.quartz.core.SchedulerSignalerImpl - Initialized Scheduler Signaller of type: class org.quartz.core.SchedulerSignalerImpl
2026-09-18 12:43:43.827 -> [main] -> INFO  org.quartz.core.QuartzScheduler - Quartz Scheduler v.2.3.2 created.
2026-09-18 12:43:43.828 -> [main] -> INFO  org.quartz.simpl.RAMJobStore - RAMJobStore initialized.
2026-09-18 12:43:43.828 -> [main] -> INFO  org.quartz.core.QuartzScheduler - Scheduler meta-data: Quartz Scheduler (v2.3.2) 'quartzScheduler' with instanceId 'NON_CLUSTERED'
  Scheduler class: 'org.quartz.core.QuartzScheduler' - running locally.
  NOT STARTED.
  Currently in standby mode.
  Number of jobs executed: 0
  Using thread pool 'org.quartz.simpl.SimpleThreadPool' - with 10 threads.
  Using job-store 'org.quartz.simpl.RAMJobStore' - which does not support persistence. and is not clustered.

2026-09-18 12:43:43.828 -> [main] -> INFO  org.quartz.impl.StdSchedulerFactory - Quartz scheduler 'quartzScheduler' initialized from an externally provided properties instance.
2026-09-18 12:43:43.828 -> [main] -> INFO  org.quartz.impl.StdSchedulerFactory - Quartz scheduler version: 2.3.2
2026-09-18 12:43:43.829 -> [main] -> INFO  org.quartz.core.QuartzScheduler - JobFactory set to: org.springframework.scheduling.quartz.SpringBeanJobFactory@687a762c
2026-09-18 12:43:43.956 -> [main] -> DEBUG com.fc.v2.common.conf.PutFilter - Filter 'putFilter' configured for use
2026-09-18 12:43:43.965 -> [main] -> INFO  io.undertow - starting server: Undertow - 2.2.20.Final
2026-09-18 12:43:43.977 -> [main] -> INFO  org.xnio - XNIO version 3.8.7.Final
2026-09-18 12:43:43.986 -> [main] -> INFO  org.xnio.nio - XNIO NIO Implementation Version 3.8.7.Final
2026-09-18 12:43:44.023 -> [main] -> INFO  org.jboss.threads - JBoss Threads version 3.1.0.Final
2026-09-18 12:43:44.064 -> [main] -> INFO  o.s.boot.web.embedded.undertow.UndertowWebServer - Undertow started on port(s) 18081 (http)
2026-09-18 12:43:44.065 -> [main] -> INFO  s.d.s.web.plugins.DocumentationPluginsBootstrapper - Documentation plugins bootstrapped
2026-09-18 12:43:44.067 -> [main] -> INFO  s.d.s.web.plugins.DocumentationPluginsBootstrapper - Found 1 custom documentation plugin(s)
2026-09-18 12:43:44.134 -> [main] -> INFO  s.d.spring.web.scanners.ApiListingReferenceScanner - Scanning for api listing references
2026-09-18 12:43:44.244 -> [main] -> INFO  s.d.s.w.r.operation.CachingOperationNameGenerator - Generating unique operation named: indexUsingGET_1
2026-09-18 12:43:44.246 -> [main] -> WARN  s.d.s.w.readers.parameter.ParameterDataTypeReader - Trying to infer dataType org.springframework.ui.ModelMap
2026-09-18 12:43:44.291 -> [main] -> WARN  s.d.s.w.readers.parameter.ParameterDataTypeReader - Trying to infer dataType org.springframework.ui.ModelMap
2026-09-18 12:43:44.299 -> [main] -> WARN  s.d.s.w.readers.parameter.ParameterDataTypeReader - Trying to infer dataType org.springframework.ui.ModelMap
2026-09-18 12:43:44.310 -> [main] -> WARN  s.d.s.w.readers.parameter.ParameterDataTypeReader - Trying to infer dataType org.springframework.ui.ModelMap
2026-09-18 12:43:44.311 -> [main] -> INFO  s.d.s.w.r.operation.CachingOperationNameGenerator - Generating unique operation named: indexUsingGET_2
2026-09-18 12:43:44.312 -> [main] -> WARN  s.d.s.w.readers.parameter.ParameterDataTypeReader - Trying to infer dataType org.springframework.ui.ModelMap
2026-09-18 12:43:44.314 -> [main] -> WARN  s.d.s.w.readers.parameter.ParameterDataTypeReader - Trying to infer dataType org.springframework.ui.ModelMap
2026-09-18 12:43:44.343 -> [main] -> WARN  s.d.s.w.readers.parameter.ParameterDataTypeReader - Trying to infer dataType org.springframework.ui.ModelMap
2026-09-18 12:43:44.344 -> [main] -> INFO  s.d.s.w.r.operation.CachingOperationNameGenerator - Generating unique operation named: viewUsingGET_1
2026-09-18 12:43:44.349 -> [main] -> INFO  s.d.s.w.r.operation.CachingOperationNameGenerator - Generating unique operation named: listUsingGET_1
2026-09-18 12:43:44.350 -> [main] -> WARN  s.d.s.w.readers.parameter.ParameterDataTypeReader - Trying to infer dataType org.springframework.ui.ModelMap
2026-09-18 12:43:44.351 -> [main] -> INFO  s.d.s.w.r.operation.CachingOperationNameGenerator - Generating unique operation named: viewUsingGET_2
2026-09-18 12:43:44.356 -> [main] -> INFO  s.d.s.w.r.operation.CachingOperationNameGenerator - Generating unique operation named: addUsingPOST_1
2026-09-18 12:43:44.359 -> [main] -> INFO  s.d.s.w.r.operation.CachingOperationNameGenerator - Generating unique operation named: editSaveUsingPOST_1
2026-09-18 12:43:44.360 -> [main] -> INFO  s.d.s.w.r.operation.CachingOperationNameGenerator - Generating unique operation named: removeUsingDELETE_1
2026-09-18 12:43:44.362 -> [main] -> INFO  s.d.s.w.r.operation.CachingOperationNameGenerator - Generating unique operation named: listUsingGET_2
2026-09-18 12:43:44.364 -> [main] -> WARN  s.d.s.w.readers.parameter.ParameterDataTypeReader - Trying to infer dataType org.springframework.ui.ModelMap
2026-09-18 12:43:44.365 -> [main] -> INFO  s.d.s.w.r.operation.CachingOperationNameGenerator - Generating unique operation named: viewUsingGET_3
2026-09-18 12:43:44.366 -> [main] -> WARN  s.d.s.w.readers.parameter.ParameterDataTypeReader - Trying to infer dataType org.springframework.ui.ModelMap
2026-09-18 12:43:44.367 -> [main] -> INFO  s.d.s.w.r.operation.CachingOperationNameGenerator - Generating unique operation named: viewUsingGET_4
2026-09-18 12:43:44.372 -> [main] -> INFO  s.d.s.w.r.operation.CachingOperationNameGenerator - Generating unique operation named: addUsingPOST_2
2026-09-18 12:43:44.374 -> [main] -> INFO  s.d.s.w.r.operation.CachingOperationNameGenerator - Generating unique operation named: editSaveUsingPOST_2
2026-09-18 12:43:44.376 -> [main] -> INFO  s.d.s.w.r.operation.CachingOperationNameGenerator - Generating unique operation named: removeUsingDELETE_2
2026-09-18 12:43:44.377 -> [main] -> INFO  s.d.s.w.r.operation.CachingOperationNameGenerator - Generating unique operation named: listUsingGET_3
2026-09-18 12:43:44.378 -> [main] -> WARN  s.d.s.w.readers.parameter.ParameterDataTypeReader - Trying to infer dataType org.springframework.ui.ModelMap
2026-09-18 12:43:44.380 -> [main] -> WARN  s.d.s.w.readers.parameter.ParameterDataTypeReader - Trying to infer dataType org.springframework.ui.ModelMap
2026-09-18 12:43:44.381 -> [main] -> WARN  s.d.s.w.readers.parameter.ParameterDataTypeReader - Trying to infer dataType org.springframework.ui.ModelMap
2026-09-18 12:43:44.381 -> [main] -> INFO  s.d.s.w.r.operation.CachingOperationNameGenerator - Generating unique operation named: viewUsingGET_5
2026-09-18 12:43:44.384 -> [main] -> INFO  s.d.s.w.r.operation.CachingOperationNameGenerator - Generating unique operation named: addUsingPOST_3
2026-09-18 12:43:44.386 -> [main] -> INFO  s.d.s.w.r.operation.CachingOperationNameGenerator - Generating unique operation named: editSaveUsingPOST_3
2026-09-18 12:43:44.387 -> [main] -> INFO  s.d.s.w.r.operation.CachingOperationNameGenerator - Generating unique operation named: removeUsingDELETE_3
2026-09-18 12:43:44.389 -> [main] -> INFO  s.d.s.w.r.operation.CachingOperationNameGenerator - Generating unique operation named: listUsingGET_4
2026-09-18 12:43:44.391 -> [main] -> INFO  s.d.s.w.r.operation.CachingOperationNameGenerator - Generating unique operation named: checkNameUniqueUsingPOST_1
2026-09-18 12:43:44.392 -> [main] -> WARN  s.d.s.w.readers.parameter.ParameterDataTypeReader - Trying to infer dataType org.springframework.ui.ModelMap
2026-09-18 12:43:44.392 -> [main] -> INFO  s.d.s.w.r.operation.CachingOperationNameGenerator - Generating unique operation named: addUsingGET_1
2026-09-18 12:43:44.393 -> [main] -> WARN  s.d.s.w.readers.parameter.ParameterDataTypeReader - Trying to infer dataType org.springframework.ui.ModelMap
2026-09-18 12:43:44.393 -> [main] -> INFO  s.d.s.w.r.operation.CachingOperationNameGenerator - Generating unique operation named: editUsingGET_1
2026-09-18 12:43:44.394 -> [main] -> WARN  s.d.s.w.readers.parameter.ParameterDataTypeReader - Trying to infer dataType org.springframework.ui.ModelMap
2026-09-18 12:43:44.394 -> [main] -> INFO  s.d.s.w.r.operation.CachingOperationNameGenerator - Generating unique operation named: viewUsingGET_6
2026-09-18 12:43:44.401 -> [main] -> INFO  s.d.s.w.r.operation.CachingOperationNameGenerator - Generating unique operation named: addUsingPOST_4
2026-09-18 12:43:44.403 -> [main] -> INFO  s.d.s.w.r.operation.CachingOperationNameGenerator - Generating unique operation named: removeUsingDELETE_4
2026-09-18 12:43:44.409 -> [main] -> INFO  s.d.s.w.r.operation.CachingOperationNameGenerator - Generating unique operation named: listUsingGET_5
2026-09-18 12:43:44.414 -> [main] -> INFO  s.d.s.w.r.operation.CachingOperationNameGenerator - Generating unique operation named: checkNameUniqueUsingPOST_2
2026-09-18 12:43:44.414 -> [main] -> WARN  s.d.s.w.readers.parameter.ParameterDataTypeReader - Trying to infer dataType org.springframework.ui.ModelMap
2026-09-18 12:43:44.415 -> [main] -> INFO  s.d.s.w.r.operation.CachingOperationNameGenerator - Generating unique operation named: addUsingGET_2
2026-09-18 12:43:44.417 -> [main] -> WARN  s.d.s.w.readers.parameter.ParameterDataTypeReader - Trying to infer dataType org.springframework.ui.ModelMap
2026-09-18 12:43:44.418 -> [main] -> INFO  s.d.s.w.r.operation.CachingOperationNameGenerator - Generating unique operation named: editUsingGET_2
2026-09-18 12:43:44.420 -> [main] -> WARN  s.d.s.w.readers.parameter.ParameterDataTypeReader - Trying to infer dataType org.springframework.ui.ModelMap
2026-09-18 12:43:44.421 -> [main] -> INFO  s.d.s.w.r.operation.CachingOperationNameGenerator - Generating unique operation named: viewUsingGET_7
2026-09-18 12:43:44.425 -> [main] -> INFO  s.d.s.w.r.operation.CachingOperationNameGenerator - Generating unique operation named: addUsingPOST_5
2026-09-18 12:43:44.427 -> [main] -> INFO  s.d.s.w.r.operation.CachingOperationNameGenerator - Generating unique operation named: editSaveUsingPOST_4
2026-09-18 12:43:44.429 -> [main] -> INFO  s.d.s.w.r.operation.CachingOperationNameGenerator - Generating unique operation named: removeUsingDELETE_5
2026-09-18 12:43:44.434 -> [main] -> INFO  s.d.s.w.r.operation.CachingOperationNameGenerator - Generating unique operation named: listUsingGET_6
2026-09-18 12:43:44.436 -> [main] -> INFO  s.d.s.w.r.operation.CachingOperationNameGenerator - Generating unique operation named: checkNameUniqueUsingPOST_3
2026-09-18 12:43:44.438 -> [main] -> WARN  s.d.s.w.readers.parameter.ParameterDataTypeReader - Trying to infer dataType org.springframework.ui.ModelMap
2026-09-18 12:43:44.439 -> [main] -> INFO  s.d.s.w.r.operation.CachingOperationNameGenerator - Generating unique operation named: addUsingGET_3
2026-09-18 12:43:44.441 -> [main] -> WARN  s.d.s.w.readers.parameter.ParameterDataTypeReader - Trying to infer dataType org.springframework.ui.ModelMap
2026-09-18 12:43:44.442 -> [main] -> INFO  s.d.s.w.r.operation.CachingOperationNameGenerator - Generating unique operation named: editUsingGET_3
2026-09-18 12:43:44.443 -> [main] -> WARN  s.d.s.w.readers.parameter.ParameterDataTypeReader - Trying to infer dataType org.springframework.ui.ModelMap
2026-09-18 12:43:44.444 -> [main] -> INFO  s.d.s.w.r.operation.CachingOperationNameGenerator - Generating unique operation named: viewUsingGET_8
2026-09-18 12:43:44.446 -> [main] -> INFO  s.d.s.w.r.operation.CachingOperationNameGenerator - Generating unique operation named: addUsingPOST_6
2026-09-18 12:43:44.448 -> [main] -> INFO  s.d.s.w.r.operation.CachingOperationNameGenerator - Generating unique operation named: editSaveUsingPOST_5
2026-09-18 12:43:44.449 -> [main] -> INFO  s.d.s.w.r.operation.CachingOperationNameGenerator - Generating unique operation named: removeUsingDELETE_6
2026-09-18 12:43:44.450 -> [main] -> INFO  s.d.s.w.r.operation.CachingOperationNameGenerator - Generating unique operation named: updateEnableUsingPUT_1
2026-09-18 12:43:44.452 -> [main] -> INFO  s.d.s.w.r.operation.CachingOperationNameGenerator - Generating unique operation named: listUsingGET_7
2026-09-18 12:43:44.453 -> [main] -> INFO  s.d.s.w.r.operation.CachingOperationNameGenerator - Generating unique operation named: checkNameUniqueUsingPOST_4
2026-09-18 12:43:44.454 -> [main] -> WARN  s.d.s.w.readers.parameter.ParameterDataTypeReader - Trying to infer dataType org.springframework.ui.ModelMap
2026-09-18 12:43:44.454 -> [main] -> INFO  s.d.s.w.r.operation.CachingOperationNameGenerator - Generating unique operation named: addUsingGET_4
2026-09-18 12:43:44.455 -> [main] -> WARN  s.d.s.w.readers.parameter.ParameterDataTypeReader - Trying to infer dataType org.springframework.ui.ModelMap
2026-09-18 12:43:44.456 -> [main] -> INFO  s.d.s.w.r.operation.CachingOperationNameGenerator - Generating unique operation named: editUsingGET_4
2026-09-18 12:43:44.456 -> [main] -> WARN  s.d.s.w.readers.parameter.ParameterDataTypeReader - Trying to infer dataType org.springframework.ui.ModelMap
2026-09-18 12:43:44.456 -> [main] -> INFO  s.d.s.w.r.operation.CachingOperationNameGenerator - Generating unique operation named: viewUsingGET_9
2026-09-18 12:43:44.460 -> [main] -> INFO  s.d.s.w.r.operation.CachingOperationNameGenerator - Generating unique operation named: addUsingPOST_7
2026-09-18 12:43:44.461 -> [main] -> INFO  s.d.s.w.r.operation.CachingOperationNameGenerator - Generating unique operation named: removeUsingDELETE_7
2026-09-18 12:43:44.463 -> [main] -> INFO  s.d.s.w.r.operation.CachingOperationNameGenerator - Generating unique operation named: listUsingGET_8
2026-09-18 12:43:44.465 -> [main] -> INFO  s.d.s.w.r.operation.CachingOperationNameGenerator - Generating unique operation named: checkNameUniqueUsingPOST_5
2026-09-18 12:43:44.465 -> [main] -> WARN  s.d.s.w.readers.parameter.ParameterDataTypeReader - Trying to infer dataType org.springframework.ui.ModelMap
2026-09-18 12:43:44.466 -> [main] -> INFO  s.d.s.w.r.operation.CachingOperationNameGenerator - Generating unique operation named: addUsingGET_5
2026-09-18 12:43:44.466 -> [main] -> WARN  s.d.s.w.readers.parameter.ParameterDataTypeReader - Trying to infer dataType org.springframework.ui.ModelMap
2026-09-18 12:43:44.467 -> [main] -> INFO  s.d.s.w.r.operation.CachingOperationNameGenerator - Generating unique operation named: editUsingGET_5
2026-09-18 12:43:44.468 -> [main] -> WARN  s.d.s.w.readers.parameter.ParameterDataTypeReader - Trying to infer dataType org.springframework.ui.ModelMap
2026-09-18 12:43:44.469 -> [main] -> INFO  s.d.s.w.r.operation.CachingOperationNameGenerator - Generating unique operation named: viewUsingGET_10
2026-09-18 12:43:44.472 -> [main] -> INFO  s.d.s.w.r.operation.CachingOperationNameGenerator - Generating unique operation named: removeUsingDELETE_8
2026-09-18 12:43:44.476 -> [main] -> INFO  s.d.s.w.r.operation.CachingOperationNameGenerator - Generating unique operation named: listUsingGET_9
2026-09-18 12:43:44.479 -> [main] -> INFO  s.d.s.w.r.operation.CachingOperationNameGenerator - Generating unique operation named: checkNameUniqueUsingPOST_6
2026-09-18 12:43:44.480 -> [main] -> WARN  s.d.s.w.readers.parameter.ParameterDataTypeReader - Trying to infer dataType org.springframework.ui.ModelMap
2026-09-18 12:43:44.481 -> [main] -> INFO  s.d.s.w.r.operation.CachingOperationNameGenerator - Generating unique operation named: addUsingGET_6
2026-09-18 12:43:44.483 -> [main] -> WARN  s.d.s.w.readers.parameter.ParameterDataTypeReader - Trying to infer dataType org.springframework.ui.ModelMap
2026-09-18 12:43:44.484 -> [main] -> INFO  s.d.s.w.r.operation.CachingOperationNameGenerator - Generating unique operation named: editUsingGET_6
2026-09-18 12:43:44.485 -> [main] -> WARN  s.d.s.w.readers.parameter.ParameterDataTypeReader - Trying to infer dataType org.springframework.ui.ModelMap
2026-09-18 12:43:44.486 -> [main] -> INFO  s.d.s.w.r.operation.CachingOperationNameGenerator - Generating unique operation named: viewUsingGET_11
2026-09-18 12:43:44.491 -> [main] -> INFO  s.d.s.w.r.operation.CachingOperationNameGenerator - Generating unique operation named: addUsingPOST_8
2026-09-18 12:43:44.495 -> [main] -> INFO  s.d.s.w.r.operation.CachingOperationNameGenerator - Generating unique operation named: editSaveUsingPOST_6
2026-09-18 12:43:44.496 -> [main] -> INFO  s.d.s.w.r.operation.CachingOperationNameGenerator - Generating unique operation named: removeUsingDELETE_9
2026-09-18 12:43:44.500 -> [main] -> INFO  s.d.s.w.r.operation.CachingOperationNameGenerator - Generating unique operation named: listUsingGET_10
2026-09-18 12:43:44.503 -> [main] -> INFO  s.d.s.w.r.operation.CachingOperationNameGenerator - Generating unique operation named: editUsingPOST_1
2026-09-18 12:43:44.504 -> [main] -> INFO  s.d.s.w.r.operation.CachingOperationNameGenerator - Generating unique operation named: checkNameUniqueUsingPOST_7
2026-09-18 12:43:44.504 -> [main] -> WARN  s.d.s.w.readers.parameter.ParameterDataTypeReader - Trying to infer dataType org.springframework.ui.ModelMap
2026-09-18 12:43:44.504 -> [main] -> INFO  s.d.s.w.r.operation.CachingOperationNameGenerator - Generating unique operation named: addUsingGET_7
2026-09-18 12:43:44.505 -> [main] -> WARN  s.d.s.w.readers.parameter.ParameterDataTypeReader - Trying to infer dataType org.springframework.ui.ModelMap
2026-09-18 12:43:44.505 -> [main] -> INFO  s.d.s.w.r.operation.CachingOperationNameGenerator - Generating unique operation named: editUsingGET_7
2026-09-18 12:43:44.506 -> [main] -> WARN  s.d.s.w.readers.parameter.ParameterDataTypeReader - Trying to infer dataType org.springframework.ui.ModelMap
2026-09-18 12:43:44.506 -> [main] -> INFO  s.d.s.w.r.operation.CachingOperationNameGenerator - Generating unique operation named: viewUsingGET_12
2026-09-18 12:43:44.509 -> [main] -> INFO  s.d.s.w.r.operation.CachingOperationNameGenerator - Generating unique operation named: addUsingPOST_9
2026-09-18 12:43:44.511 -> [main] -> INFO  s.d.s.w.r.operation.CachingOperationNameGenerator - Generating unique operation named: editSaveUsingPOST_7
2026-09-18 12:43:44.512 -> [main] -> INFO  s.d.s.w.r.operation.CachingOperationNameGenerator - Generating unique operation named: removeUsingDELETE_10
2026-09-18 12:43:44.514 -> [main] -> INFO  s.d.s.w.r.operation.CachingOperationNameGenerator - Generating unique operation named: listUsingGET_11
2026-09-18 12:43:44.515 -> [main] -> INFO  s.d.s.w.r.operation.CachingOperationNameGenerator - Generating unique operation named: checkNameUniqueUsingPOST_8
2026-09-18 12:43:44.515 -> [main] -> WARN  s.d.s.w.readers.parameter.ParameterDataTypeReader - Trying to infer dataType org.springframework.ui.ModelMap
2026-09-18 12:43:44.516 -> [main] -> INFO  s.d.s.w.r.operation.CachingOperationNameGenerator - Generating unique operation named: addUsingGET_8
2026-09-18 12:43:44.516 -> [main] -> WARN  s.d.s.w.readers.parameter.ParameterDataTypeReader - Trying to infer dataType org.springframework.ui.ModelMap
2026-09-18 12:43:44.516 -> [main] -> INFO  s.d.s.w.r.operation.CachingOperationNameGenerator - Generating unique operation named: editUsingGET_8
2026-09-18 12:43:44.517 -> [main] -> WARN  s.d.s.w.readers.parameter.ParameterDataTypeReader - Trying to infer dataType org.springframework.ui.ModelMap
2026-09-18 12:43:44.517 -> [main] -> INFO  s.d.s.w.r.operation.CachingOperationNameGenerator - Generating unique operation named: viewUsingGET_13
2026-09-18 12:43:44.517 -> [main] -> WARN  s.d.s.w.readers.parameter.ParameterDataTypeReader - Trying to infer dataType org.springframework.ui.ModelMap
2026-09-18 12:43:44.518 -> [main] -> WARN  s.d.s.w.readers.parameter.ParameterDataTypeReader - Trying to infer dataType org.springframework.ui.ModelMap
2026-09-18 12:43:44.519 -> [main] -> INFO  s.d.s.w.r.operation.CachingOperationNameGenerator - Generating unique operation named: removeUsingDELETE_11
2026-09-18 12:43:44.521 -> [main] -> INFO  s.d.s.w.r.operation.CachingOperationNameGenerator - Generating unique operation named: listUsingGET_12
2026-09-18 12:43:44.521 -> [main] -> WARN  s.d.s.w.readers.parameter.ParameterDataTypeReader - Trying to infer dataType org.springframework.ui.ModelMap
2026-09-18 12:43:44.522 -> [main] -> INFO  s.d.s.w.r.operation.CachingOperationNameGenerator - Generating unique operation named: viewUsingGET_14
2026-09-18 12:43:44.524 -> [main] -> INFO  s.d.s.w.r.operation.CachingOperationNameGenerator - Generating unique operation named: addUsingPOST_10
2026-09-18 12:43:44.525 -> [main] -> INFO  s.d.s.w.r.operation.CachingOperationNameGenerator - Generating unique operation named: editSaveUsingPOST_8
2026-09-18 12:43:44.526 -> [main] -> INFO  s.d.s.w.r.operation.CachingOperationNameGenerator - Generating unique operation named: removeUsingDELETE_12
2026-09-18 12:43:44.527 -> [main] -> INFO  s.d.s.w.r.operation.CachingOperationNameGenerator - Generating unique operation named: updateVisibleUsingPUT_1
2026-09-18 12:43:44.528 -> [main] -> INFO  s.d.s.w.r.operation.CachingOperationNameGenerator - Generating unique operation named: selectParentUsingGET_1
2026-09-18 12:43:44.532 -> [main] -> INFO  s.d.s.w.r.operation.CachingOperationNameGenerator - Generating unique operation named: checkNameUniqueUsingPOST_9
2026-09-18 12:43:44.534 -> [main] -> INFO  s.d.s.w.r.operation.CachingOperationNameGenerator - Generating unique operation named: addUsingGET_9
2026-09-18 12:43:44.534 -> [main] -> WARN  s.d.s.w.readers.parameter.ParameterDataTypeReader - Trying to infer dataType org.springframework.ui.ModelMap
2026-09-18 12:43:44.535 -> [main] -> INFO  s.d.s.w.r.operation.CachingOperationNameGenerator - Generating unique operation named: editUsingGET_9
2026-09-18 12:43:44.535 -> [main] -> WARN  s.d.s.w.readers.parameter.ParameterDataTypeReader - Trying to infer dataType org.springframework.ui.ModelMap
2026-09-18 12:43:44.535 -> [main] -> INFO  s.d.s.w.r.operation.CachingOperationNameGenerator - Generating unique operation named: viewUsingGET_15
2026-09-18 12:43:44.538 -> [main] -> INFO  s.d.s.w.r.operation.CachingOperationNameGenerator - Generating unique operation named: addUsingPOST_11
2026-09-18 12:43:44.539 -> [main] -> INFO  s.d.s.w.r.operation.CachingOperationNameGenerator - Generating unique operation named: editSaveUsingPOST_9
2026-09-18 12:43:44.540 -> [main] -> INFO  s.d.s.w.r.operation.CachingOperationNameGenerator - Generating unique operation named: removeUsingDELETE_13
2026-09-18 12:43:44.541 -> [main] -> INFO  s.d.s.w.r.operation.CachingOperationNameGenerator - Generating unique operation named: updateVisibleUsingPUT_2
2026-09-18 12:43:44.542 -> [main] -> INFO  s.d.s.w.r.operation.CachingOperationNameGenerator - Generating unique operation named: listUsingPOST_1
2026-09-18 12:43:44.545 -> [main] -> INFO  s.d.s.w.r.operation.CachingOperationNameGenerator - Generating unique operation named: editUsingPOST_2
2026-09-18 12:43:44.546 -> [main] -> INFO  s.d.s.w.r.operation.CachingOperationNameGenerator - Generating unique operation named: checkNameUniqueUsingPOST_10
2026-09-18 12:43:44.547 -> [main] -> WARN  s.d.s.w.readers.parameter.ParameterDataTypeReader - Trying to infer dataType org.springframework.ui.ModelMap
2026-09-18 12:43:44.547 -> [main] -> INFO  s.d.s.w.r.operation.CachingOperationNameGenerator - Generating unique operation named: addUsingGET_10
2026-09-18 12:43:44.548 -> [main] -> WARN  s.d.s.w.readers.parameter.ParameterDataTypeReader - Trying to infer dataType org.springframework.ui.ModelMap
2026-09-18 12:43:44.548 -> [main] -> INFO  s.d.s.w.r.operation.CachingOperationNameGenerator - Generating unique operation named: editUsingGET_10
2026-09-18 12:43:44.548 -> [main] -> WARN  s.d.s.w.readers.parameter.ParameterDataTypeReader - Trying to infer dataType org.springframework.ui.ModelMap
2026-09-18 12:43:44.549 -> [main] -> INFO  s.d.s.w.r.operation.CachingOperationNameGenerator - Generating unique operation named: viewUsingGET_16
2026-09-18 12:43:44.551 -> [main] -> INFO  s.d.s.w.r.operation.CachingOperationNameGenerator - Generating unique operation named: addUsingPOST_12
2026-09-18 12:43:44.552 -> [main] -> INFO  s.d.s.w.r.operation.CachingOperationNameGenerator - Generating unique operation named: editSaveUsingPOST_10
2026-09-18 12:43:44.553 -> [main] -> INFO  s.d.s.w.r.operation.CachingOperationNameGenerator - Generating unique operation named: removeUsingDELETE_14
2026-09-18 12:43:44.554 -> [main] -> INFO  s.d.s.w.r.operation.CachingOperationNameGenerator - Generating unique operation named: listUsingGET_13
2026-09-18 12:43:44.554 -> [main] -> INFO  s.d.s.w.r.operation.CachingOperationNameGenerator - Generating unique operation named: checkNameUniqueUsingPOST_11
2026-09-18 12:43:44.555 -> [main] -> WARN  s.d.s.w.readers.parameter.ParameterDataTypeReader - Trying to infer dataType org.springframework.ui.ModelMap
2026-09-18 12:43:44.555 -> [main] -> INFO  s.d.s.w.r.operation.CachingOperationNameGenerator - Generating unique operation named: addUsingGET_11
2026-09-18 12:43:44.556 -> [main] -> WARN  s.d.s.w.readers.parameter.ParameterDataTypeReader - Trying to infer dataType org.springframework.ui.ModelMap
2026-09-18 12:43:44.556 -> [main] -> INFO  s.d.s.w.r.operation.CachingOperationNameGenerator - Generating unique operation named: editUsingGET_11
2026-09-18 12:43:44.557 -> [main] -> WARN  s.d.s.w.readers.parameter.ParameterDataTypeReader - Trying to infer dataType org.springframework.ui.ModelMap
2026-09-18 12:43:44.557 -> [main] -> INFO  s.d.s.w.r.operation.CachingOperationNameGenerator - Generating unique operation named: viewUsingGET_17
2026-09-18 12:43:44.560 -> [main] -> INFO  s.d.s.w.r.operation.CachingOperationNameGenerator - Generating unique operation named: addUsingPOST_13
2026-09-18 12:43:44.563 -> [main] -> INFO  s.d.s.w.r.operation.CachingOperationNameGenerator - Generating unique operation named: editSaveUsingPOST_11
2026-09-18 12:43:44.564 -> [main] -> INFO  s.d.s.w.r.operation.CachingOperationNameGenerator - Generating unique operation named: removeUsingDELETE_15
2026-09-18 12:43:44.565 -> [main] -> INFO  s.d.s.w.r.operation.CachingOperationNameGenerator - Generating unique operation named: listUsingGET_14
2026-09-18 12:43:44.566 -> [main] -> INFO  s.d.s.w.r.operation.CachingOperationNameGenerator - Generating unique operation named: checkNameUniqueUsingPOST_12
2026-09-18 12:43:44.566 -> [main] -> WARN  s.d.s.w.readers.parameter.ParameterDataTypeReader - Trying to infer dataType org.springframework.ui.ModelMap
2026-09-18 12:43:44.567 -> [main] -> INFO  s.d.s.w.r.operation.CachingOperationNameGenerator - Generating unique operation named: addUsingGET_12
2026-09-18 12:43:44.567 -> [main] -> WARN  s.d.s.w.readers.parameter.ParameterDataTypeReader - Trying to infer dataType org.springframework.ui.ModelMap
2026-09-18 12:43:44.568 -> [main] -> INFO  s.d.s.w.r.operation.CachingOperationNameGenerator - Generating unique operation named: editUsingGET_12
2026-09-18 12:43:44.568 -> [main] -> WARN  s.d.s.w.readers.parameter.ParameterDataTypeReader - Trying to infer dataType org.springframework.ui.ModelMap
2026-09-18 12:43:44.569 -> [main] -> INFO  s.d.s.w.r.operation.CachingOperationNameGenerator - Generating unique operation named: viewUsingGET_18
2026-09-18 12:43:44.570 -> [main] -> INFO  s.d.s.w.r.operation.CachingOperationNameGenerator - Generating unique operation named: cleanUsingDELETE_1
2026-09-18 12:43:44.570 -> [main] -> INFO  s.d.s.w.r.operation.CachingOperationNameGenerator - Generating unique operation named: removeUsingDELETE_16
2026-09-18 12:43:44.572 -> [main] -> INFO  s.d.s.w.r.operation.CachingOperationNameGenerator - Generating unique operation named: listUsingGET_15
2026-09-18 12:43:44.573 -> [main] -> WARN  s.d.s.w.readers.parameter.ParameterDataTypeReader - Trying to infer dataType org.springframework.ui.ModelMap
2026-09-18 12:43:44.573 -> [main] -> WARN  s.d.s.w.readers.parameter.ParameterDataTypeReader - Trying to infer dataType org.springframework.ui.ModelMap
2026-09-18 12:43:44.574 -> [main] -> INFO  s.d.s.w.r.operation.CachingOperationNameGenerator - Generating unique operation named: viewUsingGET_19
2026-09-18 12:43:44.576 -> [main] -> INFO  s.d.s.w.r.operation.CachingOperationNameGenerator - Generating unique operation named: addUsingPOST_14
2026-09-18 12:43:44.576 -> [main] -> INFO  s.d.s.w.r.operation.CachingOperationNameGenerator - Generating unique operation named: editSaveUsingPUT_1
2026-09-18 12:43:44.577 -> [main] -> INFO  s.d.s.w.r.operation.CachingOperationNameGenerator - Generating unique operation named: removeUsingDELETE_17
2026-09-18 12:43:44.579 -> [main] -> INFO  s.d.s.w.r.operation.CachingOperationNameGenerator - Generating unique operation named: listUsingGET_16
2026-09-18 12:43:44.580 -> [main] -> INFO  s.d.s.w.r.operation.CachingOperationNameGenerator - Generating unique operation named: addUsingGET_13
2026-09-18 12:43:44.581 -> [main] -> WARN  s.d.s.w.readers.parameter.ParameterDataTypeReader - Trying to infer dataType org.springframework.ui.ModelMap
2026-09-18 12:43:44.582 -> [main] -> INFO  s.d.s.w.r.operation.CachingOperationNameGenerator - Generating unique operation named: editUsingGET_13
2026-09-18 12:43:44.583 -> [main] -> WARN  s.d.s.w.readers.parameter.ParameterDataTypeReader - Trying to infer dataType org.springframework.ui.ModelMap
2026-09-18 12:43:44.583 -> [main] -> INFO  s.d.s.w.r.operation.CachingOperationNameGenerator - Generating unique operation named: viewUsingGET_20
2026-09-18 12:43:44.586 -> [main] -> INFO  s.d.s.w.r.operation.CachingOperationNameGenerator - Generating unique operation named: addUsingPOST_15
2026-09-18 12:43:44.587 -> [main] -> INFO  s.d.s.w.r.operation.CachingOperationNameGenerator - Generating unique operation named: editSaveUsingPOST_12
2026-09-18 12:43:44.588 -> [main] -> INFO  s.d.s.w.r.operation.CachingOperationNameGenerator - Generating unique operation named: removeUsingDELETE_18
2026-09-18 12:43:44.589 -> [main] -> INFO  s.d.s.w.r.operation.CachingOperationNameGenerator - Generating unique operation named: listUsingGET_17
2026-09-18 12:43:44.589 -> [main] -> INFO  s.d.s.w.r.operation.CachingOperationNameGenerator - Generating unique operation named: checkNameUniqueUsingPOST_13
2026-09-18 12:43:44.590 -> [main] -> WARN  s.d.s.w.readers.parameter.ParameterDataTypeReader - Trying to infer dataType org.springframework.ui.ModelMap
2026-09-18 12:43:44.590 -> [main] -> INFO  s.d.s.w.r.operation.CachingOperationNameGenerator - Generating unique operation named: addUsingGET_14
2026-09-18 12:43:44.591 -> [main] -> WARN  s.d.s.w.readers.parameter.ParameterDataTypeReader - Trying to infer dataType org.springframework.ui.ModelMap
2026-09-18 12:43:44.591 -> [main] -> INFO  s.d.s.w.r.operation.CachingOperationNameGenerator - Generating unique operation named: editUsingGET_14
2026-09-18 12:43:44.592 -> [main] -> WARN  s.d.s.w.readers.parameter.ParameterDataTypeReader - Trying to infer dataType org.springframework.ui.ModelMap
2026-09-18 12:43:44.592 -> [main] -> INFO  s.d.s.w.r.operation.CachingOperationNameGenerator - Generating unique operation named: viewUsingGET_21
2026-09-18 12:43:44.594 -> [main] -> INFO  s.d.s.w.r.operation.CachingOperationNameGenerator - Generating unique operation named: addUsingPOST_16
2026-09-18 12:43:44.595 -> [main] -> INFO  s.d.s.w.r.operation.CachingOperationNameGenerator - Generating unique operation named: editSaveUsingPOST_13
2026-09-18 12:43:44.596 -> [main] -> INFO  s.d.s.w.r.operation.CachingOperationNameGenerator - Generating unique operation named: removeUsingDELETE_19
2026-09-18 12:43:44.599 -> [main] -> INFO  s.d.s.w.r.operation.CachingOperationNameGenerator - Generating unique operation named: listUsingGET_18
2026-09-18 12:43:44.600 -> [main] -> INFO  s.d.s.w.r.operation.CachingOperationNameGenerator - Generating unique operation named: listUsingGET_19
2026-09-18 12:43:44.600 -> [main] -> WARN  s.d.s.w.readers.parameter.ParameterDataTypeReader - Trying to infer dataType org.springframework.ui.ModelMap
2026-09-18 12:43:44.600 -> [main] -> INFO  s.d.s.w.r.operation.CachingOperationNameGenerator - Generating unique operation named: addUsingGET_15
2026-09-18 12:43:44.601 -> [main] -> WARN  s.d.s.w.readers.parameter.ParameterDataTypeReader - Trying to infer dataType org.springframework.ui.ModelMap
2026-09-18 12:43:44.601 -> [main] -> INFO  s.d.s.w.r.operation.CachingOperationNameGenerator - Generating unique operation named: editUsingGET_15
2026-09-18 12:43:44.601 -> [main] -> WARN  s.d.s.w.readers.parameter.ParameterDataTypeReader - Trying to infer dataType org.springframework.ui.ModelMap
2026-09-18 12:43:44.602 -> [main] -> WARN  s.d.s.w.readers.parameter.ParameterDataTypeReader - Trying to infer dataType org.springframework.ui.ModelMap
2026-09-18 12:43:44.602 -> [main] -> WARN  s.d.s.w.readers.parameter.ParameterDataTypeReader - Trying to infer dataType org.springframework.ui.ModelMap
2026-09-18 12:43:44.603 -> [main] -> INFO  s.d.s.w.r.operation.CachingOperationNameGenerator - Generating unique operation named: viewUsingGET_22
2026-09-18 12:43:44.605 -> [main] -> INFO  o.s.scheduling.quartz.SchedulerFactoryBean - Starting Quartz Scheduler now
2026-09-18 12:43:44.606 -> [main] -> INFO  org.quartz.core.QuartzScheduler - Scheduler quartzScheduler_$_NON_CLUSTERED started.
2026-09-18 12:43:44.612 -> [main] -> INFO  com.fc.V2Application - Started V2Application in 11.069 seconds (JVM running for 11.78)
2026-09-18 12:43:45.655 -> [XNIO-1 task-1] -> INFO  io.undertow.servlet - Initializing Spring DispatcherServlet 'dispatcherServlet'
2026-09-18 12:43:45.655 -> [XNIO-1 task-1] -> INFO  org.springframework.web.servlet.DispatcherServlet - Initializing Servlet 'dispatcherServlet'
2026-09-18 12:43:45.657 -> [XNIO-1 task-1] -> INFO  org.springframework.web.servlet.DispatcherServlet - Completed initialization in 2 ms
2026-09-18 12:43:45.665 -> [XNIO-1 task-1] -> INFO  o.a.s.session.mgt.AbstractValidatingSessionManager - Enabling session validation scheduler...
